aa.mts.ru
api.cronbox.ru
avtodor-tr.ru
b2c-ticket-sentry.onelya.ru
belkacar.ru
bitrix.info
bkvet.ru
cdek.ru
cdn1.ozonusercontent.com
citydrive.ru
cms1.dzvr.ru
consultant.ru
counter.yadro.ru
delimobil.ru
dzvr.ru
emex.ru
fairplay-proxy.ott.yandex.ru
fssp.gov.ru
gorzdrav.spb.ru
gosuslugi.ru
gov.ru
graphql.kinopoisk.ru
gu-st.ru
lemanapro.ru
leroymerlin.ru
magnit.ru
mobileapp.russianpost.ru
mos.ru
mosgortrans.ru
mosenergosbyt.ru
mosmetro.ru
mosreg.ru
nalog.ru
naumen.ru
ozon.ru
passiflora.ru
pesc.ru
pochta.ru
reso.ru
rosreestr.gov.ru
rzd-bonus.ru
rzd.ru
showip.net
sys.refocus.ru
tbank.ru
urent.ru
vshark.ttk.ru
whoosh-bike.ru
widevine-proxy.ott.yandex.ru
xn--90aijkdmaud0d.xn--p1ai
yandex.net
yandex.ru
